Godot Engine v4.6.1.stable.official.14d19694e - https://godotengine.org

[   0% ] first_scan_filesystem | Started Project initialization (5 steps)
[   0% ] first_scan_filesystem | Scanning file structure...
[  16% ] first_scan_filesystem | Loading global class names...
[  33% ] first_scan_filesystem | Verifying GDExtensions...
[  50% ] first_scan_filesystem | Creating autoload scripts...
[  66% ] first_scan_filesystem | Initializing plugins...
[  83% ] first_scan_filesystem | Starting file scan...
[ DONE ] first_scan_filesystem

[   0% ] update_scripts_classes | Started Registering global classes... (19 steps)
[   0% ] update_scripts_classes | 
[   5% ] update_scripts_classes | 
[  10% ] update_scripts_classes | 
[  15% ] update_scripts_classes | 
[  20% ] update_scripts_classes | DesignationTransaction
[  25% ] update_scripts_classes | TerrainDesignationOverlay
[  30% ] update_scripts_classes | TerrainDesignationStore
[  35% ] update_scripts_classes | TerrainDesignationTool
[  40% ] update_scripts_classes | TerrainLevelDatum
[  45% ] update_scripts_classes | MiningBuildJob
[  50% ] update_scripts_classes | MiningDebugView
[  55% ] update_scripts_classes | MiningSurfaceManager
[  60% ] update_scripts_classes | PlanetEditableTerrain
[  65% ] update_scripts_classes | 
[  70% ] update_scripts_classes | 
[  75% ] update_scripts_classes | 
[  80% ] update_scripts_classes | 
[  85% ] update_scripts_classes | 
[  90% ] update_scripts_classes | 
[ DONE ] update_scripts_classes

[   0% ] loading_editor_layout | Started Loading editor (5 steps)
[   0% ] loading_editor_layout | Loading editor layout...
[  16% ] loading_editor_layout | Loading docks...
[  33% ] loading_editor_layout | Reopening scenes...
[  50% ] loading_editor_layout | Loading central editor layout...
[  66% ] loading_editor_layout | Loading plugin window layout...
[  83% ] loading_editor_layout | Editor layout ready.
[ DONE ] loading_editor_layout

