Godot Engine v4.6.1.stable.official.14d19694e - https://godotengine.org
Vulkan 1.3.212 - Forward+ - Using Device #0: AMD - AMD Radeon(TM) Vega 3 Graphics

TERRAIN_VISUAL_CAPTURE globe_0 leaves=117 state=idle
TERRAIN_VISUAL_CAPTURE globe_1 leaves=144 state=idle
TERRAIN_VISUAL_CAPTURE globe_2 leaves=168 state=idle
TERRAIN_VISUAL_CAPTURE globe_3 leaves=183 state=idle
TERRAIN_VISUAL_CAPTURE globe_4 leaves=192 state=idle
TERRAIN_VISUAL_CAPTURE globe_5 leaves=192 state=idle
TERRAIN_VISUAL_CAPTURE hills leaves=414 state=idle
TERRAIN_VISUAL_CAPTURE plateau leaves=453 state=idle
TERRAIN_VISUAL_CAPTURE chain leaves=486 state=idle
TERRAIN_VISUAL_CAPTURE range leaves=510 state=idle
TERRAIN_VISUAL_CAPTURE valley leaves=519 state=idle
TERRAIN_VISUAL_CAPTURE basin leaves=519 state=idle
TERRAIN_VISUAL_CAPTURE exceptional leaves=519 state=idle
TERRAIN_VISUAL_CAPTURE archipelago leaves=537 state=idle
TERRAIN_VISUAL_CAPTURE inland_sea leaves=495 state=idle
TERRAIN_VISUAL_CAPTURE ocean leaves=564 state=idle
TERRAIN_VISUAL_CAPTURE geology_1 leaves=486 state=idle
TERRAIN_VISUAL_CAPTURE geology_5 leaves=516 state=idle
TERRAIN_VISUAL_CAPTURE geology_2_young leaves=531 state=idle
TERRAIN_VISUAL_CAPTURE geology_2_old leaves=549 state=idle
TERRAIN_VISUAL_CAPTURE geology_3 leaves=561 state=idle
TERRAIN_VISUAL_CAPTURE geology_6 leaves=561 state=idle
TERRAIN_VISUAL_CAPTURE geology_4 leaves=558 state=idle
TERRAIN_VISUAL_CAPTURE geology_7 leaves=531 state=idle
TERRAIN_VISUAL_CAPTURE cube_edge leaves=576 state=idle
TERRAIN_VISUAL_CAPTURE retreat leaves=366 state=idle
TERRAIN_VISUAL_OK C:\Users\aldea\AppData\Local\Temp\planet-terrain-visual-09512a460fbf4fa39360a68d69985642
