Godot Engine v4.6.1.stable.official.14d19694e - https://godotengine.org
Vulkan 1.3.212 - Forward+ - Using Device #0: AMD - AMD Radeon(TM) Vega 3 Graphics

TERRAIN_VISUAL_CAPTURE globe_0 leaves=117 state=idle
TERRAIN_VISUAL_CAPTURE globe_1 leaves=144 state=idle
TERRAIN_VISUAL_CAPTURE globe_2 leaves=168 state=idle
TERRAIN_VISUAL_CAPTURE globe_3 leaves=183 state=idle
TERRAIN_VISUAL_CAPTURE globe_4 leaves=192 state=idle
TERRAIN_VISUAL_CAPTURE globe_5 leaves=192 state=idle
TERRAIN_VISUAL_CAPTURE hills leaves=414 state=idle
TERRAIN_VISUAL_CAPTURE plateau leaves=453 state=idle
TERRAIN_VISUAL_CAPTURE chain leaves=486 state=idle
TERRAIN_VISUAL_CAPTURE range leaves=510 state=idle
TERRAIN_VISUAL_CAPTURE valley leaves=519 state=idle
TERRAIN_VISUAL_CAPTURE basin leaves=519 state=idle
TERRAIN_VISUAL_CAPTURE exceptional leaves=519 state=idle
TERRAIN_VISUAL_CAPTURE archipelago leaves=537 state=idle
TERRAIN_VISUAL_CAPTURE inland_sea leaves=495 state=idle
TERRAIN_VISUAL_CAPTURE ocean leaves=564 state=idle
TERRAIN_VISUAL_CAPTURE geology_1 leaves=486 state=idle
TERRAIN_VISUAL_CAPTURE geology_5 leaves=516 state=idle
TERRAIN_VISUAL_CAPTURE geology_2_young leaves=531 state=idle
TERRAIN_VISUAL_CAPTURE geology_2_old leaves=549 state=idle
TERRAIN_VISUAL_CAPTURE geology_3 leaves=561 state=idle
TERRAIN_VISUAL_CAPTURE geology_6 leaves=561 state=idle
TERRAIN_VISUAL_CAPTURE geology_4 leaves=558 state=idle
TERRAIN_VISUAL_CAPTURE geology_7 leaves=531 state=idle
TERRAIN_VISUAL_CAPTURE biome_9 leaves=495 state=idle
TERRAIN_VISUAL_CAPTURE biome_7 leaves=570 state=idle
TERRAIN_VISUAL_CAPTURE biome_6 leaves=612 state=idle
TERRAIN_VISUAL_CAPTURE biome_4 leaves=609 state=idle
TERRAIN_VISUAL_CAPTURE biome_3 leaves=606 state=idle
TERRAIN_VISUAL_CAPTURE biome_8 leaves=621 state=idle
TERRAIN_VISUAL_CAPTURE biome_2 leaves=552 state=idle
TERRAIN_VISUAL_CAPTURE biome_5 leaves=525 state=idle
TERRAIN_VISUAL_CAPTURE biome_1 leaves=534 state=idle
TERRAIN_VISUAL_CAPTURE biome_0 leaves=525 state=idle
TERRAIN_VISUAL_CAPTURE rain_shadow leaves=546 state=idle
TERRAIN_VISUAL_CAPTURE driest leaves=549 state=idle
TERRAIN_VISUAL_CAPTURE wettest leaves=507 state=idle
TERRAIN_VISUAL_CAPTURE cube_edge leaves=567 state=idle
TERRAIN_VISUAL_CAPTURE retreat leaves=369 state=idle
TERRAIN_VISUAL_OK C:\Users\aldea\AppData\Local\Temp\planet-terrain-visual-b932a572647b4ba4ae258e1f483c3986
